#-----------------------------------------------------------
# Webtalk v2020.2 (64-bit)
# SW Build 3064766 on Wed Nov 18 09:12:45 MST 2020
# IP Build 3064653 on Wed Nov 18 14:17:31 MST 2020
# Start of session at: Sat May  1 16:53:14 2021
# Process ID: 7360
# Current directory: H:/Vivado/DE1_PROJEKT/multiplex+counters+display/multiplex+counters+display.sim/sim_1/behav/xsim
# Command line: wbtcv.exe -mode batch -source H:/Vivado/DE1_PROJEKT/multiplex+counters+display/multiplex+counters+display.sim/sim_1/behav/xsim/xsim.dir/tb_speed_cur_behav/webtalk/xsim_webtalk.tcl -notrace
# Log file: H:/Vivado/DE1_PROJEKT/multiplex+counters+display/multiplex+counters+display.sim/sim_1/behav/xsim/webtalk.log
# Journal file: H:/Vivado/DE1_PROJEKT/multiplex+counters+display/multiplex+counters+display.sim/sim_1/behav/xsim\webtalk.jou
#-----------------------------------------------------------
source H:/Vivado/DE1_PROJEKT/multiplex+counters+display/multiplex+counters+display.sim/sim_1/behav/xsim/xsim.dir/tb_speed_cur_behav/webtalk/xsim_webtalk.tcl -notrace
