#-----------------------------------------------------------
# Webtalk v2020.2 (64-bit)
# SW Build 3064766 on Wed Nov 18 09:12:45 MST 2020
# IP Build 3064653 on Wed Nov 18 14:17:31 MST 2020
# Start of session at: Sat Apr 17 11:51:15 2021
# Process ID: 9420
# Current directory: D:/VUT/2020-2021_Letni_semestr/BPC-DE1/projekt-DE1-2021/Rozboud-time_trip+speed_avg/time_trip-speed_avg/time_trip-speed_avg.sim/sim_1/behav/xsim
# Command line: wbtcv.exe -mode batch -source D:/VUT/2020-2021_Letni_semestr/BPC-DE1/projekt-DE1-2021/Rozboud-time_trip+speed_avg/time_trip-speed_avg/time_trip-speed_avg.sim/sim_1/behav/xsim/xsim.dir/tb_speed_avg_behav/webtalk/xsim_webtalk.tcl -notrace
# Log file: D:/VUT/2020-2021_Letni_semestr/BPC-DE1/projekt-DE1-2021/Rozboud-time_trip+speed_avg/time_trip-speed_avg/time_trip-speed_avg.sim/sim_1/behav/xsim/webtalk.log
# Journal file: D:/VUT/2020-2021_Letni_semestr/BPC-DE1/projekt-DE1-2021/Rozboud-time_trip+speed_avg/time_trip-speed_avg/time_trip-speed_avg.sim/sim_1/behav/xsim\webtalk.jou
#-----------------------------------------------------------
source D:/VUT/2020-2021_Letni_semestr/BPC-DE1/projekt-DE1-2021/Rozboud-time_trip+speed_avg/time_trip-speed_avg/time_trip-speed_avg.sim/sim_1/behav/xsim/xsim.dir/tb_speed_avg_behav/webtalk/xsim_webtalk.tcl -notrace
